[log] Run log → /Users/sandhyapersad/acadia/output/run.log

[1/7] Fetching equity prices…
/Users/sandhyapersad/acadia/grid_resilience/main.py:149: RuntimeWarning: [equity] Clipped 3 extreme daily returns (|log| > 0.4): [('NRG', '2025-06-02'), ('PCG', '2019-01-14'), ('PCG', '2019-01-24')]
  all_returns = fetch_returns(fetch_tickers, start, end)

  [arch] Business-model arch: 'dual_track' — ICR auto-enabled for regulated path

[2/7] Fetching grid LMP and load data…
  [warn] PJM data fetch failed: PJM_API_KEY not set. Register free at pjm.com/api then: export PJM_API_KEY=your_key

[3/7] Building stress event calendar…
  107 events identified ({'congestion': 80, 'lmp_spike': 20, 'cold': 4, 'heat': 2, 'hurricane': 1})

[4/7] Computing Grid Stress Index…
  SPP: 83 high-stress days (GSI ≥ 0.6) in period
  CAISO: 274 high-stress days (GSI ≥ 0.6) in period
  ERCOT: 692 high-stress days (GSI ≥ 0.6) in period
  MISO: 346 high-stress days (GSI ≥ 0.6) in period

[5/7] Estimating stress betas…

[6/7] Building Grid Resilience factor scores…
  Fetching interest coverage ratios…
  ICR data: 6 quarters, 23 tickers

  Latest factor scores:
    AEE   ▲ +1.677  ████████
    EVRG  ▲ +1.660  ████████
    ETR   ▲ +1.020  █████
    EIX   ▲ +0.377  █
    CMS   ▼ -0.197  
    DTE   ▼ -0.245  █
    NRG   ▼ -0.257  █
    XEL   ▼ -0.363  █
    WEC   ▼ -0.553  ██
    CNP   ▼ -0.576  ██
    PCG   ▼ -1.071  █████
    VST   ▼ -1.472  ███████

[7/7] Constructing portfolio and running backtest…
/Users/sandhyapersad/acadia/.venv/lib/python3.11/site-packages/numpy/lib/_function_base_impl.py:3023: RuntimeWarning: invalid value encountered in divide
  c /= stddev[:, None]
/Users/sandhyapersad/acadia/.venv/lib/python3.11/site-packages/numpy/lib/_function_base_impl.py:3024: RuntimeWarning: invalid value encountered in divide
  c /= stddev[None, :]
/Users/sandhyapersad/acadia/.venv/lib/python3.11/site-packages/numpy/lib/_function_base_impl.py:3023: RuntimeWarning: invalid value encountered in divide
  c /= stddev[:, None]
/Users/sandhyapersad/acadia/.venv/lib/python3.11/site-packages/numpy/lib/_function_base_impl.py:3024: RuntimeWarning: invalid value encountered in divide
  c /= stddev[None, :]
[ic] dates: 93  |  5d: 87 pts  |  10d: 87 pts  |  21d: 87 pts  |  63d: 85 pts

=======================================================
  GRID RESILIENCE STRATEGY — PERFORMANCE SUMMARY
=======================================================

  Full Period:
    ann_return     :    4.44%
    ann_vol        :   14.26%
    sharpe         :   0.031
    sortino        :   0.039
    max_dd         :  -19.02%
    hit_rate       :    47.2%

  Benchmark (XLU):
    ann_return     :    7.90%
    ann_vol        :   24.01%
    sharpe         :   0.162
    sortino        :   0.182
    max_dd         :  -36.47%
    hit_rate       :    48.4%

  EW Universe:
    ann_return     :    8.42%
    ann_vol        :   20.44%
    sharpe         :   0.216
    sortino        :   0.253
    max_dd         :  -38.78%
    hit_rate       :    55.2%

  Stress Periods:
    ann_return     :    7.30%
    ann_vol        :   14.95%
    sharpe         :   0.221
    sortino        :   0.281
    max_dd         :  -19.02%
    hit_rate       :    49.7%

  Calm Periods:
    ann_return     :    0.63%
    ann_vol        :   13.29%
    sharpe         :  -0.254
    sortino        :  -0.317
    max_dd         :  -13.35%
    hit_rate       :    43.9%

  Stress days: 1147 / 2010 (57.1%)

  Stress vs Calm — significance tests:
    Test                         p-value  Sig
    --------------------------  --------  ---
    Welch t (mean return)         0.5060     
    Levene  (volatility)          0.0483    **
    Mann-Whitney U (distrib)      0.2652      
    Significance: * p<0.10  ** p<0.05  *** p<0.01
=======================================================


==============================================================
  FACTOR SCORE IC (vs. Forward Returns)
==============================================================
  Horizon     Mean IC   Std IC   t-stat   % Pos     N
  ---------- -------- -------- -------- ------- -----
  5d          -0.0090   0.6288   -0.134   47.1%    87
  10d          0.0790   0.6515    1.131   58.6%    87
  21d          0.1295   0.7308    1.652   57.5%    87
  63d          0.1598   0.6982    2.111   58.8%    85

  Conditional IC by GSI regime:
  Horizon    Regime      Mean IC   t-stat     N
  ---------- ---------- -------- -------- -----
  5d         stressed     0.0535    0.713    61
  5d         calm        -0.1591   -1.140    26
  10d        stressed     0.0852    1.039    61
  10d        calm         0.0643    0.476    26
  21d        stressed     0.1460    1.610    61
  21d        calm         0.0906    0.581    26
  63d        stressed     0.1995    2.403    59
  63d        calm         0.0699    0.432    26

  Signal comparison (IC @ 21d fwd  |  EW/Bench IC = 0 by construction):
  Signal                       IC   t-stat   Sharpe   Ann Ret   Max DD
  ---------------------- -------- -------- -------- --------- --------
  Factor (L/S)             0.1295    1.652    0.031    4.44%  -19.02%
  Benchmark (XLU)           0.0000       —    0.162    7.90%  -36.47%
  EW Universe               0.0000       —    0.216    8.42%  -38.78%
==============================================================

